
> sifs-frontend@0.1.0 build
> next build

   Γû▓ Next.js 16.0.8 (Turbopack)

   Creating an optimized production build ...
node.exe : 
At line:1 char:1
+ & "C:\Program Files\nodejs/node.exe" 
"C:\Program Files\nodejs/node_mo ...
+ ~~~~~~~~~~~~~~~~~~~~~~~~~~~~~~~~~~~~~~~~
~~~~~~~~~~~~~~~~~~~~~~~~~~~~~
    + CategoryInfo          : NotSpecifie 
   d: (:String) [], RemoteException
    + FullyQualifiedErrorId : NativeComma 
   ndError
 
> Build error occurred
Error: Turbopack build failed with 2 
errors:
./app/internships/[program]/[course]/page.
tsx:16:1
Module not found: Can't resolve 
'../../../../hooks/useDynamicPageData'
[0m [90m 14 |[39m [36mimport[39m 
[33mEnquiriesSection[39m [36mfrom[39m 
[32m"../../../../components/course/Enquir
iesSection"[39m[33m;[39m
 [90m 15 |[39m
[31m[1m>[22m[39m[90m 16 |[39m 
[36mimport[39m { useDynamicPageData } 
[36mfrom[39m [32m"../../../../hooks/use
DynamicPageData"[39m[33m;[39m
 [90m    |[39m [31m[1m^[22m[39m[31m
[1m^[22m[39m[31m[1m^[22m[39m[31m[
1m^[22m[39m[31m[1m^[22m[39m[31m[1m
^[22m[39m[31m[1m^[22m[39m[31m[1m^
[22m[39m[31m[1m^[22m[39m[31m[1m^[2
2m[39m[31m[1m^[22m[39m[31m[1m^[22m
[39m[31m[1m^[22m[39m[31m[1m^[22m[
39m[31m[1m^[22m[39m[31m[1m^[22m[39
m[31m[1m^[22m[39m[31m[1m^[22m[39m
[31m[1m^[22m[39m[31m[1m^[22m[39m[3
1m[1m^[22m[39m[31m[1m^[22m[39m[31m
[1m^[22m[39m[31m[1m^[22m[39m[31m[
1m^[22m[39m[31m[1m^[22m[39m[31m[1m
^[22m[39m[31m[1m^[22m[39m[31m[1m^
[22m[39m[31m[1m^[22m[39m[31m[1m^[2
2m[39m[31m[1m^[22m[39m[31m[1m^[22m
[39m[31m[1m^[22m[39m[31m[1m^[22m[
39m[31m[1m^[22m[39m[31m[1m^[22m[39
m[31m[1m^[22m[39m[31m[1m^[22m[39m
[31m[1m^[22m[39m[31m[1m^[22m[39m[3
1m[1m^[22m[39m[31m[1m^[22m[39m[31m
[1m^[22m[39m[31m[1m^[22m[39m[31m[
1m^[22m[39m[31m[1m^[22m[39m[31m[1m
^[22m[39m[31m[1m^[22m[39m[31m[1m^
[22m[39m[31m[1m^[22m[39m[31m[1m^[2
2m[39m[31m[1m^[22m[39m[31m[1m^[22m
[39m[31m[1m^[22m[39m[31m[1m^[22m[
39m[31m[1m^[22m[39m[31m[1m^[22m[39
m[31m[1m^[22m[39m[31m[1m^[22m[39m
[31m[1m^[22m[39m[31m[1m^[22m[39m[3
1m[1m^[22m[39m[31m[1m^[22m[39m[31m
[1m^[22m[39m[31m[1m^[22m[39m[31m[
1m^[22m[39m[31m[1m^[22m[39m[31m[1m
^[22m[39m[31m[1m^[22m[39m[31m[1m^
[22m[39m[31m[1m^[22m[39m[31m[1m^[2
2m[39m[31m[1m^[22m[39m
 [90m 17 |[39m
 [90m 18 |[39m [36minterface[39m 
[33mPageProps[39m {
 [90m 19 |[39m   params[33m:[39m 
[33mPromise[39m[33m<[39m{[0m



Import traces:
  Client Component Browser:
    ./app/internships/[program]/[course]/p
age.tsx [Client Component Browser]
    ./app/internships/[program]/[course]/p
age.tsx [Server Component]

  Client Component SSR:
    ./app/internships/[program]/[course]/p
age.tsx [Client Component SSR]
    ./app/internships/[program]/[course]/p
age.tsx [Server Component]

https://nextjs.org/docs/messages/module-no
t-found


./app/training/[program]/[course]/page.tsx
:16:1
Module not found: Can't resolve 
'../../../../hooks/useDynamicPageData'
[0m [90m 14 |[39m [36mimport[39m 
[33mEnquiriesSection[39m [36mfrom[39m 
[32m"../../../../components/course/Enquir
iesSection"[39m[33m;[39m
 [90m 15 |[39m
[31m[1m>[22m[39m[90m 16 |[39m 
[36mimport[39m { useDynamicPageData } 
[36mfrom[39m [32m"../../../../hooks/use
DynamicPageData"[39m[33m;[39m
 [90m    |[39m [31m[1m^[22m[39m[31m
[1m^[22m[39m[31m[1m^[22m[39m[31m[
1m^[22m[39m[31m[1m^[22m[39m[31m[1m
^[22m[39m[31m[1m^[22m[39m[31m[1m^
[22m[39m[31m[1m^[22m[39m[31m[1m^[2
2m[39m[31m[1m^[22m[39m[31m[1m^[22m
[39m[31m[1m^[22m[39m[31m[1m^[22m[
39m[31m[1m^[22m[39m[31m[1m^[22m[39
m[31m[1m^[22m[39m[31m[1m^[22m[39m
[31m[1m^[22m[39m[31m[1m^[22m[39m[3
1m[1m^[22m[39m[31m[1m^[22m[39m[31m
[1m^[22m[39m[31m[1m^[22m[39m[31m[
1m^[22m[39m[31m[1m^[22m[39m[31m[1m
^[22m[39m[31m[1m^[22m[39m[31m[1m^
[22m[39m[31m[1m^[22m[39m[31m[1m^[2
2m[39m[31m[1m^[22m[39m[31m[1m^[22m
[39m[31m[1m^[22m[39m[31m[1m^[22m[
39m[31m[1m^[22m[39m[31m[1m^[22m[39
m[31m[1m^[22m[39m[31m[1m^[22m[39m
[31m[1m^[22m[39m[31m[1m^[22m[39m[3
1m[1m^[22m[39m[31m[1m^[22m[39m[31m
[1m^[22m[39m[31m[1m^[22m[39m[31m[
1m^[22m[39m[31m[1m^[22m[39m[31m[1m
^[22m[39m[31m[1m^[22m[39m[31m[1m^
[22m[39m[31m[1m^[22m[39m[31m[1m^[2
2m[39m[31m[1m^[22m[39m[31m[1m^[22m
[39m[31m[1m^[22m[39m[31m[1m^[22m[
39m[31m[1m^[22m[39m[31m[1m^[22m[39
m[31m[1m^[22m[39m[31m[1m^[22m[39m
[31m[1m^[22m[39m[31m[1m^[22m[39m[3
1m[1m^[22m[39m[31m[1m^[22m[39m[31m
[1m^[22m[39m[31m[1m^[22m[39m[31m[
1m^[22m[39m[31m[1m^[22m[39m[31m[1m
^[22m[39m[31m[1m^[22m[39m[31m[1m^
[22m[39m[31m[1m^[22m[39m[31m[1m^[2
2m[39m[31m[1m^[22m[39m
 [90m 17 |[39m
 [90m 18 |[39m [36minterface[39m 
[33mPageProps[39m {
 [90m 19 |[39m     params[33m:[39m 
[33mPromise[39m[33m<[39m{[0m



Import traces:
  Client Component Browser:
    ./app/training/[program]/[course]/page
.tsx [Client Component Browser]
    ./app/training/[program]/[course]/page
.tsx [Server Component]

  Client Component SSR:
    ./app/training/[program]/[course]/page
.tsx [Client Component SSR]
    ./app/training/[program]/[course]/page
.tsx [Server Component]

https://nextjs.org/docs/messages/module-no
t-found


    at <unknown> (./app/internships/[progr
am]/[course]/page.tsx:16:1)
    at <unknown> (https://nextjs.org/docs/
messages/module-not-found)
    at <unknown> (./app/training/[program]
/[course]/page.tsx:16:1)
    at <unknown> (https://nextjs.org/docs/
messages/module-not-found)
